/var/spool/slurmd/job61251181/slurm_script: line 21: /toolbox/softwares/anaconda3/etc/profile.d/conda.sh: No such file or directory

CommandNotFoundError: Your shell has not been properly configured to use 'conda activate'.
To initialize your shell, run

    $ conda init <SHELL_NAME>

Currently supported shells are:
  - bash
  - fish
  - tcsh
  - xonsh
  - zsh
  - powershell

See 'conda init --help' for more information and options.

IMPORTANT: You may need to close and restart your shell after running 'conda init'.


Traceback (most recent call last):
  File "kakawaESM_include_ptm.py", line 5, in <module>
    import torch
ModuleNotFoundError: No module named 'torch'
