/var/spool/slurmd/job61251158/slurm_script: line 25: 3302569 Killed                  python3 kakawaESM_include_ptm.py -i "$1" -o "$2"
slurmstepd: error: Detected 1 oom_kill event in StepId=61251158.batch. Some of the step tasks have been OOM Killed.
