/var/spool/slurmd/job61403527/slurm_script: line 25: 690981 Killed                  python3 kakawaESM_constructs_metadata.py -i $1 -o $2 2> time.log

real	0m45.152s
user	0m18.299s
sys	0m13.983s
slurmstepd: error: Detected 1 oom_kill event in StepId=61403527.batch. Some of the step tasks have been OOM Killed.
