/var/spool/slurmd/job61403519/slurm_script: line 21: /toolbox/softwares/anaconda3/bin/activate: No such file or directory

CommandNotFoundError: Your shell has not been properly configured to use 'conda activate'.
To initialize your shell, run

    $ conda init <SHELL_NAME>

Currently supported shells are:
  - bash
  - fish
  - tcsh
  - xonsh
  - zsh
  - powershell

See 'conda init --help' for more information and options.

IMPORTANT: You may need to close and restart your shell after running 'conda init'.



real	0m0.147s
user	0m0.130s
sys	0m0.013s
