Error: Input file /share/rwmwork/nsanc/kelsey_work/ml-on-effectors/esmfold-tests/tests/2024_26_02-03_04/AF_seqs_to_analyze_in_ESMFold/two_seqs_to_test.fasta does not exist.
