/var/spool/slurmd/job61411677/slurm_script: line 25: 965581 Killed                  python3 kakawaESM_constructs_metadata.py -i $1 -o $2 2> time.log

real	1m40.954s
user	0m18.421s
sys	0m14.525s
slurmstepd: error: Detected 1 oom_kill event in StepId=61411677.batch. Some of the step tasks have been OOM Killed.
